B <- 1.05 1.98 35.32 12.002 -0.02
A <- 1.08 1.55 33.67 11.011 -0.023
A <- 1.12 1.66 29.44 16.115 -0.09
B <- 1.06 1.98 35.64 12.021 -0.01
