1.0900006666858355 58.87330254343456
1.0900004531733027 57.79978339909689
1.0900006666858355 58.87330254343456
1.0900004531733027 57.79978339909689
1.0900006666858355 58.87330254343456
1.0900004531733027 57.79978339909689
1.0900006666858355 58.87330254343456
1.0900004531733027 57.79978339909689
