ATESA mbar.py output file. Skip to the end for the free energy profile if desired.

~~Mean Value Plot~~
Diagnostic Mean Value Plot. Should probably be smooth.
See ATESA's troubleshooting documentation
for further information (Umbrella Sampling > Mean Value Plot).
-1.0   -1.140
-0.75   -0.903
-0.5   -0.499
-0.25   -0.252
0.0   -0.001
0.25   0.250
0.5   0.500
0.75   0.749
1.0   0.999

~~Sampling Histogram~~
Each pair of lines is bin edges followed by bin heights
-1.424 -1.374 -1.324 -1.274 -1.224 -1.174 -1.124 -1.074 -1.024 -0.974 -0.924 -0.874 -0.824
9 48 329 928 1953 2552 2292 1335 447 87 16 3

-1.147 -1.097 -1.047 -0.997 -0.947 -0.897 -0.847 -0.797 -0.747 -0.697 -0.647
23 155 567 1792 2846 2662 1395 442 102 15

-0.748 -0.698 -0.648 -0.598 -0.548 -0.498 -0.448 -0.398 -0.348 -0.298 -0.248
22 157 775 1814 2303 2235 1755 755 161 22

-0.529 -0.479 -0.429 -0.379 -0.329 -0.279 -0.229 -0.179 -0.129 -0.079 -0.029 0.021
6 56 352 1143 2092 2536 2088 1226 415 80 5

-0.235 -0.185 -0.135 -0.085 -0.035 0.015 0.065 0.115 0.165 0.215 0.265
11 103 682 2124 3112 2597 1100 241 27 2

-0.010 0.040 0.090 0.140 0.190 0.240 0.290 0.340 0.390 0.440 0.490 0.540
27 133 520 1489 2319 2481 1893 848 243 41 5

0.235 0.285 0.335 0.385 0.435 0.485 0.535 0.585 0.635 0.685 0.735 0.785
19 98 457 1184 2395 2811 1894 824 255 56 6

0.458 0.508 0.558 0.608 0.658 0.708 0.758 0.808 0.858 0.908 0.958 1.008
7 56 230 854 1850 2425 2351 1502 543 154 27

0.714 0.764 0.814 0.864 0.914 0.964 1.014 1.064 1.114 1.164 1.214 1.264 1.314
17 78 302 1012 1918 2342 2172 1472 506 138 36 6


Final results. This analysis was based on the pyMBAR package. If you publish work based on this output, in addition to ATESA please cite:
Shirts MR and Chodera JD. Statistically optimal analysis of samples from multiple equilibrium states. J. Chem. Phys. 129:124105 (2008). DOI: 10.1063/1.2978177

~~Free Energy Profile~~
Reaction coordinate    Free energy (kcal/mol)    Error (kcal/mol)
-0.923    0.000    0.000
-0.769    4.598    0.026
-0.615    6.013    0.058
-0.462    5.968    0.060
-0.308    5.956    0.062
-0.154    5.995    0.064
0.000    5.686    0.067
0.154    6.020    0.069
0.308    6.018    0.071
0.462    5.962    0.074
0.615    6.032    0.075
0.769    6.040    0.077
0.923    6.102    0.079
